may_jun        target=20240501..20240630 (60 d)  series=921
late_jan       target=20240125..20240131 (7 d)  series=961
april          target=20240401..20240430 (28 d)  series=1071
january        target=20240101..20240131 (28 d)  series=1067
stable_spring  target=20240415..20240613 (58 d)  series=949
stable_summer  target=20240614..20240812 (59 d)  series=916
stable_late    target=20240813..20241011 (60 d)  series=850
roll_0429      target=20240429..20240627 (59 d)  series=927
roll_0513      target=20240513..20240711 (58 d)  series=947
roll_0527      target=20240527..20240725 (58 d)  series=918
roll_0610      target=20240610..20240808 (59 d)  series=920
roll_0624      target=20240624..20240822 (59 d)  series=919
roll_0708      target=20240709..20240905 (59 d)  series=900
roll_0722      target=20240722..20240919 (60 d)  series=884
roll_0805      target=20240805..20241003 (60 d)  series=870
roll_0819      target=20240819..20241017 (60 d)  series=810
test_gap       target=20240201..20240331 (58 d)  series=967
shift_0422     target=20240422..20240620 (58 d)  series=935
shift_0506     target=20240506..20240704 (59 d)  series=938
shift_0520     target=20240520..20240718 (58 d)  series=928
shift_0603     target=20240603..20240801 (59 d)  series=915
shift_0617     target=20240617..20240815 (59 d)  series=912
shift_0701     target=20240701..20240829 (59 d)  series=909
shift_0715     target=20240715..20240912 (60 d)  series=890
shift_0729     target=20240729..20240926 (60 d)  series=862
shift_0812     target=20240812..20241010 (60 d)  series=855
