WARNING: The directory '/Users/mrunal/Library/Caches/pip' or its parent directory is not owned or is not writable by the current user. The cache has been disabled. Check the permissions and owner of that directory. If executing pip with sudo, you should use sudo's -H flag.
WARNING: The directory '/Users/mrunal/Library/Caches/pip' or its parent directory is not owned or is not writable by the current user. The cache has been disabled. Check the permissions and owner of that directory. If executing pip with sudo, you should use sudo's -H flag.
final rank=None may_jun: success (1.3s)
final rank=None late_jan: success (1.4s)
WARNING: The directory '/Users/mrunal/Library/Caches/pip' or its parent directory is not owned or is not writable by the current user. The cache has been disabled. Check the permissions and owner of that directory. If executing pip with sudo, you should use sudo's -H flag.
WARNING: The directory '/Users/mrunal/Library/Caches/pip' or its parent directory is not owned or is not writable by the current user. The cache has been disabled. Check the permissions and owner of that directory. If executing pip with sudo, you should use sudo's -H flag.
final rank=None april: success (1.3s)
final rank=None roll_0429: success (1.3s)
WARNING: The directory '/Users/mrunal/Library/Caches/pip' or its parent directory is not owned or is not writable by the current user. The cache has been disabled. Check the permissions and owner of that directory. If executing pip with sudo, you should use sudo's -H flag.
WARNING: The directory '/Users/mrunal/Library/Caches/pip' or its parent directory is not owned or is not writable by the current user. The cache has been disabled. Check the permissions and owner of that directory. If executing pip with sudo, you should use sudo's -H flag.
final rank=None roll_0513: success (1.3s)
final rank=None roll_0527: success (1.3s)
WARNING: The directory '/Users/mrunal/Library/Caches/pip' or its parent directory is not owned or is not writable by the current user. The cache has been disabled. Check the permissions and owner of that directory. If executing pip with sudo, you should use sudo's -H flag.
WARNING: The directory '/Users/mrunal/Library/Caches/pip' or its parent directory is not owned or is not writable by the current user. The cache has been disabled. Check the permissions and owner of that directory. If executing pip with sudo, you should use sudo's -H flag.
final rank=None roll_0610: success (1.4s)
final rank=None roll_0624: success (1.3s)
WARNING: The directory '/Users/mrunal/Library/Caches/pip' or its parent directory is not owned or is not writable by the current user. The cache has been disabled. Check the permissions and owner of that directory. If executing pip with sudo, you should use sudo's -H flag.
WARNING: The directory '/Users/mrunal/Library/Caches/pip' or its parent directory is not owned or is not writable by the current user. The cache has been disabled. Check the permissions and owner of that directory. If executing pip with sudo, you should use sudo's -H flag.
final rank=None roll_0708: success (1.4s)
final rank=None roll_0722: success (1.4s)
WARNING: The directory '/Users/mrunal/Library/Caches/pip' or its parent directory is not owned or is not writable by the current user. The cache has been disabled. Check the permissions and owner of that directory. If executing pip with sudo, you should use sudo's -H flag.
WARNING: The directory '/Users/mrunal/Library/Caches/pip' or its parent directory is not owned or is not writable by the current user. The cache has been disabled. Check the permissions and owner of that directory. If executing pip with sudo, you should use sudo's -H flag.
final rank=None roll_0805: success (1.4s)
final rank=None roll_0819: success (1.4s)
WARNING: The directory '/Users/mrunal/Library/Caches/pip' or its parent directory is not owned or is not writable by the current user. The cache has been disabled. Check the permissions and owner of that directory. If executing pip with sudo, you should use sudo's -H flag.
WARNING: The directory '/Users/mrunal/Library/Caches/pip' or its parent directory is not owned or is not writable by the current user. The cache has been disabled. Check the permissions and owner of that directory. If executing pip with sudo, you should use sudo's -H flag.
final rank=None shift_0422: success (1.3s)
final rank=None shift_0506: success (1.3s)
WARNING: The directory '/Users/mrunal/Library/Caches/pip' or its parent directory is not owned or is not writable by the current user. The cache has been disabled. Check the permissions and owner of that directory. If executing pip with sudo, you should use sudo's -H flag.
WARNING: The directory '/Users/mrunal/Library/Caches/pip' or its parent directory is not owned or is not writable by the current user. The cache has been disabled. Check the permissions and owner of that directory. If executing pip with sudo, you should use sudo's -H flag.
final rank=None shift_0520: success (1.3s)
final rank=None shift_0603: success (1.3s)
WARNING: The directory '/Users/mrunal/Library/Caches/pip' or its parent directory is not owned or is not writable by the current user. The cache has been disabled. Check the permissions and owner of that directory. If executing pip with sudo, you should use sudo's -H flag.
WARNING: The directory '/Users/mrunal/Library/Caches/pip' or its parent directory is not owned or is not writable by the current user. The cache has been disabled. Check the permissions and owner of that directory. If executing pip with sudo, you should use sudo's -H flag.
final rank=None shift_0617: success (1.3s)
final rank=None shift_0701: success (1.3s)
WARNING: The directory '/Users/mrunal/Library/Caches/pip' or its parent directory is not owned or is not writable by the current user. The cache has been disabled. Check the permissions and owner of that directory. If executing pip with sudo, you should use sudo's -H flag.
WARNING: The directory '/Users/mrunal/Library/Caches/pip' or its parent directory is not owned or is not writable by the current user. The cache has been disabled. Check the permissions and owner of that directory. If executing pip with sudo, you should use sudo's -H flag.
final rank=None shift_0715: success (1.3s)
final rank=None shift_0729: success (1.3s)
WARNING: The directory '/Users/mrunal/Library/Caches/pip' or its parent directory is not owned or is not writable by the current user. The cache has been disabled. Check the permissions and owner of that directory. If executing pip with sudo, you should use sudo's -H flag.
final rank=None shift_0812: success (1.3s)
WARNING: The directory '/Users/mrunal/Library/Caches/pip' or its parent directory is not owned or is not writable by the current user. The cache has been disabled. Check the permissions and owner of that directory. If executing pip with sudo, you should use sudo's -H flag.
WARNING: The directory '/Users/mrunal/Library/Caches/pip' or its parent directory is not owned or is not writable by the current user. The cache has been disabled. Check the permissions and owner of that directory. If executing pip with sudo, you should use sudo's -H flag.
linear rank=None late_jan: success (1.4s)
linear rank=None may_jun: success (1.5s)
WARNING: The directory '/Users/mrunal/Library/Caches/pip' or its parent directory is not owned or is not writable by the current user. The cache has been disabled. Check the permissions and owner of that directory. If executing pip with sudo, you should use sudo's -H flag.
WARNING: The directory '/Users/mrunal/Library/Caches/pip' or its parent directory is not owned or is not writable by the current user. The cache has been disabled. Check the permissions and owner of that directory. If executing pip with sudo, you should use sudo's -H flag.
linear rank=None april: success (1.4s)
linear rank=None roll_0429: success (1.5s)
WARNING: The directory '/Users/mrunal/Library/Caches/pip' or its parent directory is not owned or is not writable by the current user. The cache has been disabled. Check the permissions and owner of that directory. If executing pip with sudo, you should use sudo's -H flag.
WARNING: The directory '/Users/mrunal/Library/Caches/pip' or its parent directory is not owned or is not writable by the current user. The cache has been disabled. Check the permissions and owner of that directory. If executing pip with sudo, you should use sudo's -H flag.
linear rank=None roll_0513: success (1.5s)
linear rank=None roll_0527: success (1.5s)
WARNING: The directory '/Users/mrunal/Library/Caches/pip' or its parent directory is not owned or is not writable by the current user. The cache has been disabled. Check the permissions and owner of that directory. If executing pip with sudo, you should use sudo's -H flag.
WARNING: The directory '/Users/mrunal/Library/Caches/pip' or its parent directory is not owned or is not writable by the current user. The cache has been disabled. Check the permissions and owner of that directory. If executing pip with sudo, you should use sudo's -H flag.
linear rank=None roll_0610: success (1.5s)
linear rank=None roll_0624: success (1.5s)
WARNING: The directory '/Users/mrunal/Library/Caches/pip' or its parent directory is not owned or is not writable by the current user. The cache has been disabled. Check the permissions and owner of that directory. If executing pip with sudo, you should use sudo's -H flag.
WARNING: The directory '/Users/mrunal/Library/Caches/pip' or its parent directory is not owned or is not writable by the current user. The cache has been disabled. Check the permissions and owner of that directory. If executing pip with sudo, you should use sudo's -H flag.
linear rank=None roll_0708: success (1.5s)
linear rank=None roll_0722: success (1.5s)
WARNING: The directory '/Users/mrunal/Library/Caches/pip' or its parent directory is not owned or is not writable by the current user. The cache has been disabled. Check the permissions and owner of that directory. If executing pip with sudo, you should use sudo's -H flag.
WARNING: The directory '/Users/mrunal/Library/Caches/pip' or its parent directory is not owned or is not writable by the current user. The cache has been disabled. Check the permissions and owner of that directory. If executing pip with sudo, you should use sudo's -H flag.
linear rank=None roll_0805: success (1.6s)
linear rank=None roll_0819: success (1.5s)
WARNING: The directory '/Users/mrunal/Library/Caches/pip' or its parent directory is not owned or is not writable by the current user. The cache has been disabled. Check the permissions and owner of that directory. If executing pip with sudo, you should use sudo's -H flag.
WARNING: The directory '/Users/mrunal/Library/Caches/pip' or its parent directory is not owned or is not writable by the current user. The cache has been disabled. Check the permissions and owner of that directory. If executing pip with sudo, you should use sudo's -H flag.
linear rank=None shift_0422: success (1.5s)
linear rank=None shift_0506: success (1.5s)
WARNING: The directory '/Users/mrunal/Library/Caches/pip' or its parent directory is not owned or is not writable by the current user. The cache has been disabled. Check the permissions and owner of that directory. If executing pip with sudo, you should use sudo's -H flag.
WARNING: The directory '/Users/mrunal/Library/Caches/pip' or its parent directory is not owned or is not writable by the current user. The cache has been disabled. Check the permissions and owner of that directory. If executing pip with sudo, you should use sudo's -H flag.
linear rank=None shift_0520: success (1.5s)
linear rank=None shift_0603: success (1.5s)
WARNING: The directory '/Users/mrunal/Library/Caches/pip' or its parent directory is not owned or is not writable by the current user. The cache has been disabled. Check the permissions and owner of that directory. If executing pip with sudo, you should use sudo's -H flag.
WARNING: The directory '/Users/mrunal/Library/Caches/pip' or its parent directory is not owned or is not writable by the current user. The cache has been disabled. Check the permissions and owner of that directory. If executing pip with sudo, you should use sudo's -H flag.
linear rank=None shift_0617: success (1.6s)
linear rank=None shift_0701: success (1.7s)
WARNING: The directory '/Users/mrunal/Library/Caches/pip' or its parent directory is not owned or is not writable by the current user. The cache has been disabled. Check the permissions and owner of that directory. If executing pip with sudo, you should use sudo's -H flag.
WARNING: The directory '/Users/mrunal/Library/Caches/pip' or its parent directory is not owned or is not writable by the current user. The cache has been disabled. Check the permissions and owner of that directory. If executing pip with sudo, you should use sudo's -H flag.
linear rank=None shift_0715: success (1.7s)
linear rank=None shift_0729: success (1.6s)
WARNING: The directory '/Users/mrunal/Library/Caches/pip' or its parent directory is not owned or is not writable by the current user. The cache has been disabled. Check the permissions and owner of that directory. If executing pip with sudo, you should use sudo's -H flag.
linear rank=None shift_0812: success (1.5s)
WARNING: The directory '/Users/mrunal/Library/Caches/pip' or its parent directory is not owned or is not writable by the current user. The cache has been disabled. Check the permissions and owner of that directory. If executing pip with sudo, you should use sudo's -H flag.
WARNING: The directory '/Users/mrunal/Library/Caches/pip' or its parent directory is not owned or is not writable by the current user. The cache has been disabled. Check the permissions and owner of that directory. If executing pip with sudo, you should use sudo's -H flag.
btmf rank=5 may_jun: success (45.1s)
WARNING: The directory '/Users/mrunal/Library/Caches/pip' or its parent directory is not owned or is not writable by the current user. The cache has been disabled. Check the permissions and owner of that directory. If executing pip with sudo, you should use sudo's -H flag.
btmf rank=10 may_jun: success (47.7s)
WARNING: The directory '/Users/mrunal/Library/Caches/pip' or its parent directory is not owned or is not writable by the current user. The cache has been disabled. Check the permissions and owner of that directory. If executing pip with sudo, you should use sudo's -H flag.
trmf rank=5 may_jun: success (9.5s)
WARNING: The directory '/Users/mrunal/Library/Caches/pip' or its parent directory is not owned or is not writable by the current user. The cache has been disabled. Check the permissions and owner of that directory. If executing pip with sudo, you should use sudo's -H flag.
trmf rank=10 may_jun: success (9.7s)
WARNING: The directory '/Users/mrunal/Library/Caches/pip' or its parent directory is not owned or is not writable by the current user. The cache has been disabled. Check the permissions and owner of that directory. If executing pip with sudo, you should use sudo's -H flag.
trmf rank=20 may_jun: success (11.1s)
btmf rank=20 may_jun: success (52.2s)
{
  "btmf": {
    "rank": 10,
    "may_jun_combined": 0.222901380269309,
    "selection_window": "may_jun"
  },
  "trmf": {
    "rank": 5,
    "may_jun_combined": 0.8748616189392077,
    "selection_window": "may_jun"
  }
}
WARNING: The directory '/Users/mrunal/Library/Caches/pip' or its parent directory is not owned or is not writable by the current user. The cache has been disabled. Check the permissions and owner of that directory. If executing pip with sudo, you should use sudo's -H flag.
WARNING: The directory '/Users/mrunal/Library/Caches/pip' or its parent directory is not owned or is not writable by the current user. The cache has been disabled. Check the permissions and owner of that directory. If executing pip with sudo, you should use sudo's -H flag.
btmf rank=10 late_jan: success (43.6s)
btmf rank=10 april: success (43.8s)
WARNING: The directory '/Users/mrunal/Library/Caches/pip' or its parent directory is not owned or is not writable by the current user. The cache has been disabled. Check the permissions and owner of that directory. If executing pip with sudo, you should use sudo's -H flag.
WARNING: The directory '/Users/mrunal/Library/Caches/pip' or its parent directory is not owned or is not writable by the current user. The cache has been disabled. Check the permissions and owner of that directory. If executing pip with sudo, you should use sudo's -H flag.
btmf rank=10 roll_0429: success (49.4s)
btmf rank=10 roll_0513: success (50.1s)
WARNING: The directory '/Users/mrunal/Library/Caches/pip' or its parent directory is not owned or is not writable by the current user. The cache has been disabled. Check the permissions and owner of that directory. If executing pip with sudo, you should use sudo's -H flag.
WARNING: The directory '/Users/mrunal/Library/Caches/pip' or its parent directory is not owned or is not writable by the current user. The cache has been disabled. Check the permissions and owner of that directory. If executing pip with sudo, you should use sudo's -H flag.
btmf rank=10 roll_0527: success (44.0s)
btmf rank=10 roll_0610: success (43.7s)
WARNING: The directory '/Users/mrunal/Library/Caches/pip' or its parent directory is not owned or is not writable by the current user. The cache has been disabled. Check the permissions and owner of that directory. If executing pip with sudo, you should use sudo's -H flag.
WARNING: The directory '/Users/mrunal/Library/Caches/pip' or its parent directory is not owned or is not writable by the current user. The cache has been disabled. Check the permissions and owner of that directory. If executing pip with sudo, you should use sudo's -H flag.
btmf rank=10 roll_0708: success (42.1s)
btmf rank=10 roll_0624: success (42.6s)
WARNING: The directory '/Users/mrunal/Library/Caches/pip' or its parent directory is not owned or is not writable by the current user. The cache has been disabled. Check the permissions and owner of that directory. If executing pip with sudo, you should use sudo's -H flag.
WARNING: The directory '/Users/mrunal/Library/Caches/pip' or its parent directory is not owned or is not writable by the current user. The cache has been disabled. Check the permissions and owner of that directory. If executing pip with sudo, you should use sudo's -H flag.
btmf rank=10 roll_0722: success (42.8s)
btmf rank=10 roll_0805: success (42.9s)
WARNING: The directory '/Users/mrunal/Library/Caches/pip' or its parent directory is not owned or is not writable by the current user. The cache has been disabled. Check the permissions and owner of that directory. If executing pip with sudo, you should use sudo's -H flag.
WARNING: The directory '/Users/mrunal/Library/Caches/pip' or its parent directory is not owned or is not writable by the current user. The cache has been disabled. Check the permissions and owner of that directory. If executing pip with sudo, you should use sudo's -H flag.
btmf rank=10 roll_0819: success (41.0s)
btmf rank=10 shift_0422: success (41.0s)
WARNING: The directory '/Users/mrunal/Library/Caches/pip' or its parent directory is not owned or is not writable by the current user. The cache has been disabled. Check the permissions and owner of that directory. If executing pip with sudo, you should use sudo's -H flag.
WARNING: The directory '/Users/mrunal/Library/Caches/pip' or its parent directory is not owned or is not writable by the current user. The cache has been disabled. Check the permissions and owner of that directory. If executing pip with sudo, you should use sudo's -H flag.
btmf rank=10 shift_0520: success (40.9s)
btmf rank=10 shift_0506: success (41.0s)
WARNING: The directory '/Users/mrunal/Library/Caches/pip' or its parent directory is not owned or is not writable by the current user. The cache has been disabled. Check the permissions and owner of that directory. If executing pip with sudo, you should use sudo's -H flag.
WARNING: The directory '/Users/mrunal/Library/Caches/pip' or its parent directory is not owned or is not writable by the current user. The cache has been disabled. Check the permissions and owner of that directory. If executing pip with sudo, you should use sudo's -H flag.
btmf rank=10 shift_0603: success (42.2s)
btmf rank=10 shift_0617: success (42.2s)
WARNING: The directory '/Users/mrunal/Library/Caches/pip' or its parent directory is not owned or is not writable by the current user. The cache has been disabled. Check the permissions and owner of that directory. If executing pip with sudo, you should use sudo's -H flag.
WARNING: The directory '/Users/mrunal/Library/Caches/pip' or its parent directory is not owned or is not writable by the current user. The cache has been disabled. Check the permissions and owner of that directory. If executing pip with sudo, you should use sudo's -H flag.
btmf rank=10 shift_0715: success (41.0s)
btmf rank=10 shift_0701: success (41.6s)
WARNING: The directory '/Users/mrunal/Library/Caches/pip' or its parent directory is not owned or is not writable by the current user. The cache has been disabled. Check the permissions and owner of that directory. If executing pip with sudo, you should use sudo's -H flag.
WARNING: The directory '/Users/mrunal/Library/Caches/pip' or its parent directory is not owned or is not writable by the current user. The cache has been disabled. Check the permissions and owner of that directory. If executing pip with sudo, you should use sudo's -H flag.
btmf rank=10 shift_0729: success (42.6s)
WARNING: The directory '/Users/mrunal/Library/Caches/pip' or its parent directory is not owned or is not writable by the current user. The cache has been disabled. Check the permissions and owner of that directory. If executing pip with sudo, you should use sudo's -H flag.
btmf rank=10 shift_0812: success (43.1s)
WARNING: The directory '/Users/mrunal/Library/Caches/pip' or its parent directory is not owned or is not writable by the current user. The cache has been disabled. Check the permissions and owner of that directory. If executing pip with sudo, you should use sudo's -H flag.
trmf rank=5 late_jan: success (11.8s)
trmf rank=5 april: success (11.6s)
WARNING: The directory '/Users/mrunal/Library/Caches/pip' or its parent directory is not owned or is not writable by the current user. The cache has been disabled. Check the permissions and owner of that directory. If executing pip with sudo, you should use sudo's -H flag.
WARNING: The directory '/Users/mrunal/Library/Caches/pip' or its parent directory is not owned or is not writable by the current user. The cache has been disabled. Check the permissions and owner of that directory. If executing pip with sudo, you should use sudo's -H flag.
trmf rank=5 roll_0429: success (10.5s)
WARNING: The directory '/Users/mrunal/Library/Caches/pip' or its parent directory is not owned or is not writable by the current user. The cache has been disabled. Check the permissions and owner of that directory. If executing pip with sudo, you should use sudo's -H flag.
trmf rank=5 roll_0513: success (10.7s)
WARNING: The directory '/Users/mrunal/Library/Caches/pip' or its parent directory is not owned or is not writable by the current user. The cache has been disabled. Check the permissions and owner of that directory. If executing pip with sudo, you should use sudo's -H flag.
trmf rank=5 roll_0527: success (9.8s)
WARNING: The directory '/Users/mrunal/Library/Caches/pip' or its parent directory is not owned or is not writable by the current user. The cache has been disabled. Check the permissions and owner of that directory. If executing pip with sudo, you should use sudo's -H flag.
trmf rank=5 roll_0610: success (9.8s)
WARNING: The directory '/Users/mrunal/Library/Caches/pip' or its parent directory is not owned or is not writable by the current user. The cache has been disabled. Check the permissions and owner of that directory. If executing pip with sudo, you should use sudo's -H flag.
trmf rank=5 roll_0624: success (10.1s)
WARNING: The directory '/Users/mrunal/Library/Caches/pip' or its parent directory is not owned or is not writable by the current user. The cache has been disabled. Check the permissions and owner of that directory. If executing pip with sudo, you should use sudo's -H flag.
trmf rank=5 roll_0708: success (10.0s)
WARNING: The directory '/Users/mrunal/Library/Caches/pip' or its parent directory is not owned or is not writable by the current user. The cache has been disabled. Check the permissions and owner of that directory. If executing pip with sudo, you should use sudo's -H flag.
trmf rank=5 roll_0722: success (9.8s)
WARNING: The directory '/Users/mrunal/Library/Caches/pip' or its parent directory is not owned or is not writable by the current user. The cache has been disabled. Check the permissions and owner of that directory. If executing pip with sudo, you should use sudo's -H flag.
trmf rank=5 roll_0805: success (9.9s)
WARNING: The directory '/Users/mrunal/Library/Caches/pip' or its parent directory is not owned or is not writable by the current user. The cache has been disabled. Check the permissions and owner of that directory. If executing pip with sudo, you should use sudo's -H flag.
trmf rank=5 roll_0819: success (10.0s)
WARNING: The directory '/Users/mrunal/Library/Caches/pip' or its parent directory is not owned or is not writable by the current user. The cache has been disabled. Check the permissions and owner of that directory. If executing pip with sudo, you should use sudo's -H flag.
trmf rank=5 shift_0422: success (10.0s)
WARNING: The directory '/Users/mrunal/Library/Caches/pip' or its parent directory is not owned or is not writable by the current user. The cache has been disabled. Check the permissions and owner of that directory. If executing pip with sudo, you should use sudo's -H flag.
trmf rank=5 shift_0506: success (9.5s)
WARNING: The directory '/Users/mrunal/Library/Caches/pip' or its parent directory is not owned or is not writable by the current user. The cache has been disabled. Check the permissions and owner of that directory. If executing pip with sudo, you should use sudo's -H flag.
trmf rank=5 shift_0520: success (9.6s)
WARNING: The directory '/Users/mrunal/Library/Caches/pip' or its parent directory is not owned or is not writable by the current user. The cache has been disabled. Check the permissions and owner of that directory. If executing pip with sudo, you should use sudo's -H flag.
trmf rank=5 shift_0603: success (9.7s)
WARNING: The directory '/Users/mrunal/Library/Caches/pip' or its parent directory is not owned or is not writable by the current user. The cache has been disabled. Check the permissions and owner of that directory. If executing pip with sudo, you should use sudo's -H flag.
trmf rank=5 shift_0617: success (9.7s)
WARNING: The directory '/Users/mrunal/Library/Caches/pip' or its parent directory is not owned or is not writable by the current user. The cache has been disabled. Check the permissions and owner of that directory. If executing pip with sudo, you should use sudo's -H flag.
trmf rank=5 shift_0701: success (9.7s)
WARNING: The directory '/Users/mrunal/Library/Caches/pip' or its parent directory is not owned or is not writable by the current user. The cache has been disabled. Check the permissions and owner of that directory. If executing pip with sudo, you should use sudo's -H flag.
trmf rank=5 shift_0715: success (9.6s)
WARNING: The directory '/Users/mrunal/Library/Caches/pip' or its parent directory is not owned or is not writable by the current user. The cache has been disabled. Check the permissions and owner of that directory. If executing pip with sudo, you should use sudo's -H flag.
trmf rank=5 shift_0729: success (9.7s)
trmf rank=5 shift_0812: success (9.6s)
