   window       geometry  n_days    arm  reference  combined  pct_better  diag_reference     diag      off
  may_jun       adjacent      60  fwd14   0.202910  0.203262   -0.173315        0.087068 0.087772 0.318752
  may_jun       adjacent      60  fwd28   0.202910  0.202887    0.011448        0.087068 0.087022 0.318752
  may_jun       adjacent      60  fwd56   0.202910  0.202910    0.000000        0.087068 0.087068 0.318752
  may_jun       adjacent      60  bwd30   0.202910  0.203340   -0.211664        0.087068 0.087927 0.318752
  may_jun       adjacent      60  bwd60   0.202910  0.202918   -0.003744        0.087068 0.087084 0.318752
  may_jun       adjacent      60 bwd120   0.202910  0.202958   -0.023425        0.087068 0.087163 0.318752
 late_jan adjacent,trend       7  fwd14   0.205483  0.203068    1.175411        0.092714 0.087884 0.318252
 late_jan adjacent,trend       7  fwd28   0.205483  0.206480   -0.485130        0.092714 0.094708 0.318252
 late_jan adjacent,trend       7  fwd56   0.205483  0.205435    0.023403        0.092714 0.092618 0.318252
 late_jan adjacent,trend       7  bwd30   0.205483  0.205301    0.088549        0.092714 0.092350 0.318252
 late_jan adjacent,trend       7  bwd60   0.205483  0.205391    0.045188        0.092714 0.092529 0.318252
 late_jan adjacent,trend       7 bwd120   0.205483  0.205432    0.025239        0.092714 0.092611 0.318252
    april          trend      28  fwd14   0.203029  0.203469   -0.216689        0.089681 0.090561 0.316377
    april          trend      28  fwd28   0.203029  0.210101   -3.483181        0.089681 0.103825 0.316377
    april          trend      28  fwd56   0.203029  0.202959    0.034680        0.089681 0.089541 0.316377
    april          trend      28  bwd30   0.203029  0.203738   -0.348907        0.089681 0.091098 0.316377
    april          trend      28  bwd60   0.203029  0.203205   -0.086702        0.089681 0.090034 0.316377
    april          trend      28 bwd120   0.203029  0.203039   -0.004641        0.089681 0.089700 0.316377
  january          shock      28  fwd14   0.336535  0.338880   -0.696950        0.227100 0.231791 0.445970
  january          shock      28  fwd28   0.336535  0.336843   -0.091537        0.227100 0.227716 0.445970
  january          shock      28  fwd56   0.336535  0.336747   -0.063108        0.227100 0.227524 0.445970
  january          shock      28  bwd30   0.336535  0.335806    0.216741        0.227100 0.225641 0.445970
  january          shock      28  bwd60   0.336535  0.336044    0.146000        0.227100 0.226117 0.445970
  january          shock      28 bwd120   0.336535  0.336107    0.127175        0.227100 0.226244 0.445970
roll_0429         stable      59  fwd14   0.203527  0.204120   -0.291410        0.087087 0.088274 0.319966
roll_0429         stable      59  fwd28   0.203527  0.203527    0.000000        0.087087 0.087087 0.319966
roll_0429         stable      59  fwd56   0.203527  0.203527    0.000000        0.087087 0.087087 0.319966
roll_0429         stable      59  bwd30   0.203527  0.203726   -0.097943        0.087087 0.087486 0.319966
roll_0429         stable      59  bwd60   0.203527  0.203568   -0.020442        0.087087 0.087171 0.319966
roll_0429         stable      59 bwd120   0.203527  0.203573   -0.022769        0.087087 0.087180 0.319966
roll_0513         stable      58  fwd14   0.207422  0.208672   -0.602949        0.097568 0.100069 0.317276
roll_0513         stable      58  fwd28   0.207422  0.207942   -0.251114        0.097568 0.098609 0.317276
roll_0513         stable      58  fwd56   0.207422  0.207422    0.000000        0.097568 0.097568 0.317276
roll_0513         stable      58  bwd30   0.207422  0.207382    0.019148        0.097568 0.097488 0.317276
roll_0513         stable      58  bwd60   0.207422  0.207499   -0.037513        0.097568 0.097723 0.317276
roll_0513         stable      58 bwd120   0.207422  0.207422    0.000000        0.097568 0.097568 0.317276
roll_0527         stable      58  fwd14   0.209406  0.210459   -0.502767        0.099204 0.101309 0.319608
roll_0527         stable      58  fwd28   0.209406  0.209788   -0.182356        0.099204 0.099967 0.319608
roll_0527         stable      58  fwd56   0.209406  0.209406    0.000000        0.099204 0.099204 0.319608
roll_0527         stable      58  bwd30   0.209406  0.209660   -0.121239        0.099204 0.099711 0.319608
roll_0527         stable      58  bwd60   0.209406  0.209297    0.052161        0.099204 0.098985 0.319608
roll_0527         stable      58 bwd120   0.209406  0.209406    0.000000        0.099204 0.099204 0.319608
roll_0610         stable      59  fwd14   0.210707  0.211327   -0.294462        0.097515 0.098756 0.323899
roll_0610         stable      59  fwd28   0.210707  0.210700    0.003305        0.097515 0.097501 0.323899
roll_0610         stable      59  fwd56   0.210707  0.210639    0.032351        0.097515 0.097379 0.323899
roll_0610         stable      59  bwd30   0.210707  0.211450   -0.352439        0.097515 0.099000 0.323899
roll_0610         stable      59  bwd60   0.210707  0.211182   -0.225576        0.097515 0.098465 0.323899
roll_0610         stable      59 bwd120   0.210707  0.210707    0.000000        0.097515 0.097515 0.323899
roll_0624         stable      59  fwd14   0.209962  0.210783   -0.391337        0.099972 0.101615 0.319951
roll_0624         stable      59  fwd28   0.209962  0.210129   -0.079668        0.099972 0.100306 0.319951
roll_0624         stable      59  fwd56   0.209962  0.210012   -0.023968        0.099972 0.100072 0.319951
roll_0624         stable      59  bwd30   0.209962  0.210066   -0.049684        0.099972 0.100180 0.319951
roll_0624         stable      59  bwd60   0.209962  0.209996   -0.016618        0.099972 0.100041 0.319951
roll_0624         stable      59 bwd120   0.209962  0.209962    0.000000        0.099972 0.099972 0.319951
roll_0708         stable      59  fwd14   0.206443  0.207127   -0.331409        0.097998 0.099366 0.314888
roll_0708         stable      59  fwd28   0.206443  0.206420    0.011222        0.097998 0.097951 0.314888
roll_0708         stable      59  fwd56   0.206443  0.206550   -0.052006        0.097998 0.098213 0.314888
roll_0708         stable      59  bwd30   0.206443  0.206900   -0.221551        0.097998 0.098913 0.314888
roll_0708         stable      59  bwd60   0.206443  0.206443    0.000000        0.097998 0.097998 0.314888
roll_0708         stable      59 bwd120   0.206443  0.206443    0.000000        0.097998 0.097998 0.314888
roll_0722         stable      60  fwd14   0.204250  0.205311   -0.519387        0.097712 0.099834 0.310788
roll_0722         stable      60  fwd28   0.204250  0.204866   -0.301569        0.097712 0.098944 0.310788
roll_0722         stable      60  fwd56   0.204250  0.204436   -0.090919        0.097712 0.098083 0.310788
roll_0722         stable      60  bwd30   0.204250  0.204310   -0.029402        0.097712 0.097832 0.310788
roll_0722         stable      60  bwd60   0.204250  0.204250    0.000000        0.097712 0.097712 0.310788
roll_0722         stable      60 bwd120   0.204250  0.204250    0.000000        0.097712 0.097712 0.310788
roll_0805         stable      60  fwd14   0.202873  0.203449   -0.284060        0.097951 0.099103 0.307795
roll_0805         stable      60  fwd28   0.202873  0.203645   -0.380584        0.097951 0.099495 0.307795
roll_0805         stable      60  fwd56   0.202873  0.202900   -0.013386        0.097951 0.098005 0.307795
roll_0805         stable      60  bwd30   0.202873  0.202873    0.000000        0.097951 0.097951 0.307795
roll_0805         stable      60  bwd60   0.202873  0.202873    0.000000        0.097951 0.097951 0.307795
roll_0805         stable      60 bwd120   0.202873  0.202873    0.000000        0.097951 0.097951 0.307795
roll_0819         stable      60  fwd14   0.206070  0.208152   -1.010429        0.099851 0.104015 0.312289
roll_0819         stable      60  fwd28   0.206070  0.206664   -0.288471        0.099851 0.101040 0.312289
roll_0819         stable      60  fwd56   0.206070  0.206117   -0.022735        0.099851 0.099944 0.312289
roll_0819         stable      60  bwd30   0.206070  0.206070    0.000000        0.099851 0.099851 0.312289
roll_0819         stable      60  bwd60   0.206070  0.206070    0.000000        0.099851 0.099851 0.312289
roll_0819         stable      60 bwd120   0.206070  0.206070    0.000000        0.099851 0.099851 0.312289
   arm  pooled_diff     ci_lo    ci_hi  pooled_pct  may_jun_pct  harm_may_jun  harm_late_jan  harm_april  offset_gate verdict
 fwd14     0.000972  0.000700 0.001223   -0.470291    -0.173315          True          False       False         True    FAIL
 fwd28     0.000337  0.000195 0.000473   -0.163128     0.011448         False          False        True         True    FAIL
 fwd56     0.000039 -0.000012 0.000094   -0.018972     0.000000         False          False       False         True    FAIL
 bwd30     0.000197  0.000065 0.000324   -0.095239    -0.211664          True          False        True         True    FAIL
 bwd60     0.000058 -0.000006 0.000126   -0.027946    -0.003744         False          False        True         True    FAIL
bwd120     0.000005  0.000001 0.000010   -0.002486    -0.023425          True          False       False         True    FAIL
wrote bakeoff_windows.csv, bakeoff_summary.csv, bakeoff_gates.csv -> results/experiment3/run_001/comparison
